------------------------------------------------------------
TimeQuest Timing Analyzer Summary
------------------------------------------------------------

Type  : Slow 900mV 85C Model Setup 'clk_i'
Slack : -7.303
TNS   : -439.083

Type  : Slow 900mV 85C Model Setup 'rd_flow_num_i[0]'
Slack : -3.501
TNS   : -106.374

Type  : Slow 900mV 85C Model Setup 'rst_i'
Slack : -1.914
TNS   : -1.914

Type  : Slow 900mV 85C Model Hold 'rd_flow_num_i[0]'
Slack : -1.825
TNS   : -44.685

Type  : Slow 900mV 85C Model Hold 'clk_i'
Slack : 0.294
TNS   : 0.000

Type  : Slow 900mV 85C Model Hold 'rst_i'
Slack : 0.390
TNS   : 0.000

Type  : Slow 900mV 85C Model Recovery 'clk_i'
Slack : -0.408
TNS   : -0.785

Type  : Slow 900mV 85C Model Removal 'clk_i'
Slack : 0.219
TNS   : 0.000

Type  : Slow 900mV 85C Model Minimum Pulse Width 'clk_i'
Slack : -4.263
TNS   : -321.277

Type  : Slow 900mV 85C Model Minimum Pulse Width 'pkt_size_en_i'
Slack : -2.846
TNS   : -2.846

Type  : Slow 900mV 85C Model Minimum Pulse Width 'rd_flow_num_i[0]'
Slack : -2.846
TNS   : -2.846

Type  : Slow 900mV 85C Model Minimum Pulse Width 'rst_i'
Slack : -2.846
TNS   : -2.846

Type  : Slow 900mV 0C Model Setup 'clk_i'
Slack : -7.036
TNS   : -436.822

Type  : Slow 900mV 0C Model Setup 'rd_flow_num_i[0]'
Slack : -3.526
TNS   : -105.845

Type  : Slow 900mV 0C Model Setup 'rst_i'
Slack : -1.971
TNS   : -1.971

Type  : Slow 900mV 0C Model Hold 'rd_flow_num_i[0]'
Slack : -1.968
TNS   : -50.624

Type  : Slow 900mV 0C Model Hold 'clk_i'
Slack : 0.306
TNS   : 0.000

Type  : Slow 900mV 0C Model Hold 'rst_i'
Slack : 0.451
TNS   : 0.000

Type  : Slow 900mV 0C Model Recovery 'clk_i'
Slack : -0.362
TNS   : -0.684

Type  : Slow 900mV 0C Model Removal 'clk_i'
Slack : 0.306
TNS   : 0.000

Type  : Slow 900mV 0C Model Minimum Pulse Width 'clk_i'
Slack : -4.263
TNS   : -321.538

Type  : Slow 900mV 0C Model Minimum Pulse Width 'pkt_size_en_i'
Slack : -2.846
TNS   : -2.846

Type  : Slow 900mV 0C Model Minimum Pulse Width 'rd_flow_num_i[0]'
Slack : -2.846
TNS   : -2.846

Type  : Slow 900mV 0C Model Minimum Pulse Width 'rst_i'
Slack : -2.846
TNS   : -2.846

Type  : Fast 900mV 0C Model Setup 'clk_i'
Slack : -3.326
TNS   : -124.273

Type  : Fast 900mV 0C Model Setup 'rd_flow_num_i[0]'
Slack : -0.846
TNS   : -25.211

Type  : Fast 900mV 0C Model Setup 'rst_i'
Slack : -0.504
TNS   : -0.504

Type  : Fast 900mV 0C Model Hold 'rd_flow_num_i[0]'
Slack : -0.742
TNS   : -19.796

Type  : Fast 900mV 0C Model Hold 'rst_i'
Slack : 0.039
TNS   : 0.000

Type  : Fast 900mV 0C Model Hold 'clk_i'
Slack : 0.081
TNS   : 0.000

Type  : Fast 900mV 0C Model Recovery 'clk_i'
Slack : -0.320
TNS   : -0.473

Type  : Fast 900mV 0C Model Removal 'clk_i'
Slack : -0.069
TNS   : -0.069

Type  : Fast 900mV 0C Model Minimum Pulse Width 'clk_i'
Slack : -3.000
TNS   : -125.990

Type  : Fast 900mV 0C Model Minimum Pulse Width 'pkt_size_en_i'
Slack : -2.846
TNS   : -2.846

Type  : Fast 900mV 0C Model Minimum Pulse Width 'rd_flow_num_i[0]'
Slack : -2.846
TNS   : -2.846

Type  : Fast 900mV 0C Model Minimum Pulse Width 'rst_i'
Slack : -2.846
TNS   : -2.846

------------------------------------------------------------
